[    0.0s] experiment: labels_blend_target_conservative_uniform  (stem=window, 3 channels to the encoder, 10 pass(es) per slot at inference)
[    0.0s] config: 336px, 12 slices, group 3, 6 slots, 30 epochs, batch 8
[    0.0s] run: split=train_series, fold=0, encoder=models/dinov2-small
[    0.0s]      labels=data/processed/labels/pilkwang_steven_target_conservative.csv
[    0.0s] device: cuda
[   45.6s] 24371 series across 4407 studies
[   46.3s] laterality: 2203 tagged, 2132 from geometry, 72 unresolved, 25 disagree
[   57.7s] slots: 20130/26442 filled
[   57.7s] reusing the cache at /data/mgr/rsna-knee/cache-full.npy: (4407, 6, 12, 336, 336)
[   58.3s] targets: 4407/4407 studies supervised from data/processed/labels/pilkwang_steven_target_conservative.csv uniformly weighted
[   58.4s] gold holdout: 58 expert-labelled studies excluded from training, plus 1 same-report study/studies
[   58.4s] train 3478 / holdout 870 studies
Loading weights:   0%|          | 0/223 [00:00<?, ?it/s]Loading weights: 100%|██████████| 223/223 [00:00<00:00, 7209.99it/s]
[   60.8s] model: 22.3M parameters, 10.9M trainable
[  111.9s]   epoch 1/30  loss 0.6872  holdout 0.6939  gold 0.6879
[  162.6s]   epoch 2/30  loss 0.6712  holdout 0.7435  gold 0.7159
[  223.8s]   epoch 3/30  loss 0.6671  holdout 0.7606  gold 0.7395
[  299.8s]   epoch 4/30  loss 0.6606  holdout 0.7840  gold 0.7589
[  384.3s]   epoch 5/30  loss 0.6556  holdout 0.7823  gold 0.8009
[  469.4s]   epoch 6/30  loss 0.6506  holdout 0.8040  gold 0.8004
[  554.0s]   epoch 7/30  loss 0.6488  holdout 0.8097  gold 0.7965
[  637.0s]   epoch 8/30  loss 0.6452  holdout 0.8125  gold 0.8098
[  717.8s]   epoch 9/30  loss 0.6425  holdout 0.8035  gold 0.7912
[  797.8s]   epoch 10/30  loss 0.6403  holdout 0.8185  gold 0.8134
[  883.3s]   epoch 11/30  loss 0.6374  holdout 0.8172  gold 0.8148
[ 1127.5s]   epoch 12/30  loss 0.6351  holdout 0.8223  gold 0.8078
[ 1346.9s]   epoch 13/30  loss 0.6320  holdout 0.8258  gold 0.8171
[ 1564.6s]   epoch 14/30  loss 0.6301  holdout 0.8245  gold 0.8092
[ 1776.9s]   epoch 15/30  loss 0.6275  holdout 0.8302  gold 0.8188
[ 2004.4s]   epoch 16/30  loss 0.6257  holdout 0.8264  gold 0.8241
[ 2229.5s]   epoch 17/30  loss 0.6230  holdout 0.8311  gold 0.8216
[ 2438.2s]   epoch 18/30  loss 0.6200  holdout 0.8321  gold 0.8245
[ 2645.2s]   epoch 19/30  loss 0.6184  holdout 0.8344  gold 0.8270
[ 2885.5s]   epoch 20/30  loss 0.6165  holdout 0.8325  gold 0.8281
[ 3044.8s]   epoch 21/30  loss 0.6139  holdout 0.8349  gold 0.8262
[ 3111.0s]   epoch 22/30  loss 0.6118  holdout 0.8368  gold 0.8300
[ 3182.4s]   epoch 23/30  loss 0.6102  holdout 0.8369  gold 0.8312
[ 3259.9s]   epoch 24/30  loss 0.6084  holdout 0.8364  gold 0.8325
[ 3461.4s]   epoch 25/30  loss 0.6076  holdout 0.8377  gold 0.8333
[ 3658.8s]   epoch 26/30  loss 0.6065  holdout 0.8381  gold 0.8334
[ 3732.6s]   epoch 27/30  loss 0.6058  holdout 0.8376  gold 0.8322
[ 3798.2s]   epoch 28/30  loss 0.6051  holdout 0.8377  gold 0.8346
[ 3893.0s]   epoch 29/30  loss 0.6045  holdout 0.8377  gold 0.8350
[ 3978.4s]   epoch 30/30  loss 0.6047  holdout 0.8378  gold 0.8349
[ 3978.4s] best epoch 26, holdout AUC 0.8381
[ 4036.2s] final pass over 10 sliding window(s), selection read 4: holdout 0.8399, gold 0.8398  (selection saw holdout 0.8381)
[ 4036.4s] package written to out/labels_blend_target_conservative_uniform/pkg-f0
[ 4036.4s] history and predictions written to out/labels_blend_target_conservative_uniform/pkg-f0 (including 58 expert-labelled studies)
{
 "id": "labels_blend_target_conservative_uniform_fold0_336px",
 "file": "labels_blend_target_conservative_uniform_fold0_336px.pt",
 "config": {
  "img": 336,
  "crop_mm": 130.0,
  "group": 3,
  "slices": 12,
  "band": [
   0.2,
   0.8
  ],
  "slots": [
   [
    "SAG_FLUID_FS",
    "Sagittal",
    true,
    true
   ],
   [
    "COR_FLUID_FS",
    "Coronal",
    true,
    true
   ],
   [
    "AX_FLUID_FS",
    "Axial",
    true,
    true
   ],
   [
    "SAG_FLUID_NOFS",
    "Sagittal",
    true,
    false
   ],
   [
    "COR_T1",
    "Coronal",
    false,
    false
   ],
   [
    "SAG_T1",
    "Sagittal",
    false,
    false
   ]
  ],
  "rules": {
   "order": "normal",
   "laterality": "centre",
   "slot_fallback": false,
   "decode_fill": "nearest"
  },
  "encoder": "dinov2",
  "encoder_variant": "small",
  "pool": "cls_mean",
  "prior": false,
  "weights": "uniform",
  "weight_floor": 0.25,
  "silence": null,
  "stem": "window",
  "stem_depth": 1,
  "lat_min_offset_mm": 20.0,
  "lat_legacy_offset_mm": 5.0,
  "seed": 2026,
  "epochs": 30,
  "batch_studies": 8,
  "lr_head": 0.001,
  "lr_backbone": 8e-06,
  "warmup_frac": 0.15,
  "unfreeze_last": 6,
  "weight_decay": 0.02,
  "eval_batch": 8,
  "aug_rot_deg": 8.0,
  "aug_scale": 0.08,
  "aug_shift": 0.05,
  "aug_intensity": 0.1,
  "gold_weight": 3.0,
  "n_folds": 5
 },
 "fold": 0,
 "holdout": 0.8380853451440239,
 "epoch": 25
}
